Reading file: C:\Users\UseR\Downloads\chec.docx

Total MCQs: 35

=== MCQ 5 ===
Passage: 
Question: αªëαªªαºìαªªαºÇαª¬αªòαªƒαª┐ αª▓αªòαºìαª╖ αªòαª░αºï αªÅαª¼αªé αº¼ αªô αº¡ αª¿αªé αª¬αºìαª░αª╢αºìαª¿αºçαª░ αªëαªñαºìαªñαª░ αªªαª╛αªô: [αªóαª╛. αª¼αºï. αº¿αºªαººαº»]

=== First 8 MCQs ===

--- MCQ 1 ---
  Question: αªùαºìαª▓αºïαª«αºçαª░αºüαª▓αª╛αª░ αª½αª┐αª▓αªƒαºìαª░αºçαªƒαºçαª░ αªàαªºαª┐αªòαª╛αªéαª╢ αª¬αºüαª¿αªâαª╢αºïαª╖αª┐αªñ αª╣αºƒ αªòαºïαª¿ αªàαªéαª╢αºç? [αª». αª¼αºï. αº¿αºªαººαº»]

--- MCQ 2 ---
  Question: αªùαºìαª▓αºïαª«αºçαª░αºüαª▓αª╛αª░ αª½αª┐αª▓αªƒαºìαª░αºçαªƒαºçαª░ αªàαªºαª┐αªòαª╛αªéαª╢ αª¬αºüαª¿αªâαª╢αºïαª╖αª┐αªñ αª╣αºƒ αªòαºïαª¿ αªàαªéαª╢αºç? [αª». αª¼αºï. αº¿αºªαººαº»]

--- MCQ 3 ---
  Question: αª«αºéαªñαºìαª░αºçαª░ αªòαºïαª¿αªƒαª┐ αª¿αª╛αªçαªƒαºìαª░αºïαª£αºçαª¿αª¼αª┐αª╣αºÇαª¿ αªëαª¬αª╛αªªαª╛αª¿? [αª». αª¼αºï. αº¿αºªαººαº»]

--- MCQ 4 ---
  Question: αª¿αª┐αªÜαºçαª░ αªòαºïαª¿αªƒαª┐ αª╕αªáαª┐αªò?

--- MCQ 5 ---
  Question: αªëαªªαºìαªªαºÇαª¬αªòαªƒαª┐ αª▓αªòαºìαª╖ αªòαª░αºï αªÅαª¼αªé αº¼ αªô αº¡ αª¿αªé αª¬αºìαª░αª╢αºìαª¿αºçαª░ αªëαªñαºìαªñαª░ αªªαª╛αªô: [αªóαª╛. αª¼αºï. αº¿αºªαººαº»]

--- MCQ 6 ---
  Question: αªëαªªαºìαªªαºÇαª¬αªòαºçαª░ 'B' αªùαºìαª░αª¿αºìαªÑαª┐ αªÑαºçαªòαºç αª¿αª┐αªâαª╕αºâαªñ αª╣αª░αª«αºïαª¿ αªòαºïαª¿αªƒαª┐?

--- MCQ 7 ---
  Passage: αªëαªªαºìαªªαºÇαª¬αªòαºçαª░ αªÜαª┐αªñαºìαª░αºçαª░ 'I' αªÜαª┐αª╣αºìαª¿αª┐αªñ αªàαªéαª╢αºçαª░ αª¿αª╛αª« αªòαºÇ?
  Question: αª¿αª┐αªÜαºçαª░ αªÜαª┐αªñαºìαª░αªƒαª┐ αªÑαºçαªòαºç αº« αªô αº» αª¿αªé αª¬αºìαª░αª╢αºìαª¿αºçαª░ αªëαªñαºìαªñαª░ αªªαª╛αªô: [αª░αª╛. αª¼αºï., αª╕αª┐. αª¼αºï. αº¿αºªαººαº»]

--- MCQ 8 ---
  Question: αª«αºéαªñαºìαª░ αªñαºêαª░αª┐αª░ αª╕αªáαª┐αªò αªùαªñαª┐αª¬αªÑ αªòαºïαª¿αªƒαª┐?
